2025-04-19 12:57:21,241 - INFO - Using device: cpu
2025-04-19 12:57:21,242 - INFO - Generating synthetic data...
2025-04-19 12:57:21,243 - INFO - Generated 80000 training samples and 20000 validation samples
2025-04-19 13:10:37,097 - INFO - Epoch 1:
2025-04-19 13:10:37,100 - INFO - Train Loss: 170.027401, Train Signal Loss: 168.454924, Train KLD Loss: 15.724773
2025-04-19 13:10:37,101 - INFO - Val Loss: 165.330707, Val Signal Loss: 163.332157, Val KLD Loss: 19.985507
2025-04-19 13:10:37,140 - INFO - Saved best model
2025-04-19 13:24:04,921 - INFO - Epoch 2:
2025-04-19 13:24:04,922 - INFO - Train Loss: 151.631644, Train Signal Loss: 149.128967, Train KLD Loss: 25.026772
2025-04-19 13:24:04,923 - INFO - Val Loss: 146.054154, Val Signal Loss: 143.660890, Val KLD Loss: 23.932634
2025-04-19 13:24:04,949 - INFO - Saved best model
2025-04-19 13:38:03,560 - INFO - Epoch 3:
2025-04-19 13:38:03,563 - INFO - Train Loss: 145.242640, Train Signal Loss: 142.394124, Train KLD Loss: 28.485161
2025-04-19 13:38:03,564 - INFO - Val Loss: 144.246326, Val Signal Loss: 141.372261, Val KLD Loss: 28.740650
2025-04-19 13:38:03,591 - INFO - Saved best model
2025-04-19 13:50:55,703 - INFO - Epoch 4:
2025-04-19 13:50:55,706 - INFO - Train Loss: 142.682610, Train Signal Loss: 139.606065, Train KLD Loss: 30.765440
2025-04-19 13:50:55,708 - INFO - Val Loss: 140.123396, Val Signal Loss: 137.049160, Val KLD Loss: 30.742350
2025-04-19 13:50:55,732 - INFO - Saved best model
2025-04-19 14:03:41,137 - INFO - Epoch 5:
2025-04-19 14:03:41,139 - INFO - Train Loss: 141.156736, Train Signal Loss: 138.062435, Train KLD Loss: 30.943009
2025-04-19 14:03:41,141 - INFO - Val Loss: 139.802720, Val Signal Loss: 136.664018, Val KLD Loss: 31.387024
2025-04-19 14:03:41,167 - INFO - Saved best model
2025-04-19 14:16:00,828 - INFO - Epoch 6:
2025-04-19 14:16:00,831 - INFO - Train Loss: 139.956388, Train Signal Loss: 136.877861, Train KLD Loss: 30.785267
2025-04-19 14:16:00,832 - INFO - Val Loss: 136.765896, Val Signal Loss: 133.758404, Val KLD Loss: 30.074929
2025-04-19 14:16:00,858 - INFO - Saved best model
2025-04-19 14:28:27,049 - INFO - Epoch 7:
2025-04-19 14:28:27,052 - INFO - Train Loss: 138.532660, Train Signal Loss: 135.304723, Train KLD Loss: 32.279369
2025-04-19 14:28:27,054 - INFO - Val Loss: 138.870864, Val Signal Loss: 135.344471, Val KLD Loss: 35.263927
